Warning: This is a simple server for use in testing or debugging Angular applications
locally. It hasn't been reviewed for security issues.

Binding this server to an open connection can result in compromising your application or
computer. Using a different host than the one passed to the "--host" flag might result in
websocket connection issues. You might need to use "--disable-host-check" if that's the
case.
- Generating browser application bundles (phase: setup)...
✔ Browser application bundle generation complete.

Initial Chunk Files   | Names                                    |  Raw Size
main.js               | main                                     |   9.75 MB |
polyfills.js          | polyfills                                |   1.18 MB |
scripts.js            | scripts                                  | 795.59 kB |
styles.css, styles.js | styles                                   | 462.11 kB |
runtime.js            | runtime                                  |  12.92 kB |

| Initial Total                            |  12.17 MB

Lazy Chunk Files      | Names                                    |  Raw Size
447.js                | fitness-trend-fitness-trend-module       |   2.42 MB |
213.js                | fitness-trend-fitness-trend-module       | 306.72 kB |
51.js                 | year-progress-year-progress-module       | 280.42 kB |
540.js                | activities-activities-module             | 217.62 kB |
933.js                | athlete-settings-athlete-settings-module | 188.69 kB |
389.js                | activities-activities-module             | 110.86 kB |
125.js                | zones-settings-zones-settings-module     |  87.85 kB |
11.js                 | fitness-trend-fitness-trend-module       |  36.14 kB |
114.js                | web                                      |  25.24 kB |
575.js                | web                                      |  23.82 kB |
797.js                | ai-coach-ai-coach-module                 |  20.05 kB |
731.js                | web                                      |   2.98 kB |
998.js                | web                                      |   1.92 kB |

Build at: 2026-03-27T16:17:08.127Z - Hash: d715958964e403e1 - Time: 22753ms

** Angular Live Development Server is listening on 0.0.0.0:4200, open your browser on http://localhost:4200/ **


✔ Compiled successfully.
✔ Browser application bundle generation complete.

Initial Chunk Files | Names   | Raw Size
main.js             | main    |  9.75 MB |
runtime.js          | runtime | 12.92 kB |

16 unchanged chunks

Build at: 2026-03-27T16:22:42.207Z - Hash: 0f8396f45bcd870d - Time: 6063ms

Error: src/app/shared/services/sync/impl/mobile-sync.service.ts:174:43 - error TS2554: Expected 5 arguments, but got 4.

174     const activity = this.stravaConnector.computeActivity(stravaBareActivity, streams, resolver.resolve(new Date(stravaBareActivity.start_date)), userSettings);
                                              ~~~~~~~~~~~~~~~~~~~~~~~~~~~~~~~~~~~~~~~~~~~~~~~~~~~~~~~~~~~~~~~~~~~~~~~~~~~~~~~~~~~~~~~~~~~~~~~~~~~~~~~~~~~~~~~~~~~~~

  src/app/shared/services/sync/impl/mobile-strava-connector.service.ts:59:5
    59     userSettings: UserSettings.BaseUserSettings
           ~~~~~~~~~~~~~~~~~~~~~~~~~~~~~~~~~~~~~~~~~~~
    An argument for 'userSettings' was not provided.




✖ Failed to compile.
✔ Browser application bundle generation complete.

Initial Chunk Files | Names   | Raw Size
main.js             | main    |  9.75 MB |
runtime.js          | runtime | 12.92 kB |

16 unchanged chunks

Build at: 2026-03-27T16:22:50.500Z - Hash: c6b1f17604d711aa - Time: 2491ms

✔ Compiled successfully.
